Archive member included to satisfy reference by file (symbol)

/Users/mohammad/programming/MAMMD_OS/toolchain/i686-elf/lib/gcc/i686-elf/13.1.0/libgcc.a(_udivdi3.o)
                              ../../build/util/c/stdio.obj (__udivdi3)
/Users/mohammad/programming/MAMMD_OS/toolchain/i686-elf/lib/gcc/i686-elf/13.1.0/libgcc.a(_umoddi3.o)
                              ../../build/util/c/stdio.obj (__umoddi3)

Memory Configuration

Name             Origin             Length             Attributes
*default*        0x00000000         0xffffffff

Linker script and memory map

LOAD /Users/mohammad/programming/assembly/bootloader/build/kernel/asm/kernel.obj
LOAD /Users/mohammad/programming/assembly/bootloader/build/kernel/asm/x86.obj
LOAD /Users/mohammad/programming/assembly/bootloader/build/kernel/c/main.obj
LOAD /Users/mohammad/programming/assembly/bootloader/build/kernel/c/cpu/cpu.obj
LOAD ../../build/stage2/c/main.obj
LOAD ../../build/stage2/asm/entry.obj
LOAD ../../build/util/c/stdio.obj
LOAD ../../build/util/asm/x86.obj
LOAD /Users/mohammad/programming/MAMMD_OS/toolchain/i686-elf/lib/gcc/i686-elf/13.1.0/libgcc.a
                0x00007e00                        . = 0x7e00

.entry          0x00007e00      0x108
                0x00007e00                        __entry_start = .
 *(.entry)
 .entry         0x00007e00        0xe /Users/mohammad/programming/assembly/bootloader/build/kernel/asm/kernel.obj
                0x00007e00                kentry
 .entry         0x00007e0e       0xfa ../../build/stage2/asm/entry.obj
                0x00007e0e                entry

.eh_frame       0x00007f08       0xd8
 .eh_frame      0x00007f08       0x64 /Users/mohammad/programming/MAMMD_OS/toolchain/i686-elf/lib/gcc/i686-elf/13.1.0/libgcc.a(_udivdi3.o)
 .eh_frame      0x00007f6c       0x74 /Users/mohammad/programming/MAMMD_OS/toolchain/i686-elf/lib/gcc/i686-elf/13.1.0/libgcc.a(_umoddi3.o)

.text           0x00007fe0      0xe08
 *(.text)
 .text          0x00007fe0       0x71 /Users/mohammad/programming/assembly/bootloader/build/kernel/asm/x86.obj
                0x00007fe0                chs_ata_read
 .text          0x00008051       0x5f /Users/mohammad/programming/assembly/bootloader/build/kernel/c/main.obj
                0x00008051                kmain
 .text          0x000080b0      0x11d /Users/mohammad/programming/assembly/bootloader/build/kernel/c/cpu/cpu.obj
                0x00008183                edx_get_features
                0x000081a8                ecx_get_features
 .text          0x000081cd       0x6f ../../build/stage2/c/main.obj
                0x000081cd                main
 .text          0x0000823c      0x7dc ../../build/util/c/stdio.obj
                0x0000823c                set_vid_mem
                0x0000824a                getCurPos
                0x000082b9                setCurPos
                0x00008340                cursor2VGA
                0x00008386                clearScr
                0x000083ef                putc
                0x00008517                puts
                0x00008546                printf_unsigned
                0x000085ea                printf_signed
                0x00008647                print_buffer
                0x000086e0                printf
 *fill*         0x00008a18        0x8 
 .text          0x00008a20       0x14 ../../build/util/asm/x86.obj
                0x00008a20                x86_outb
                0x00008a2b                x86_inb
 *fill*         0x00008a34        0xc 
 .text          0x00008a40      0x11a /Users/mohammad/programming/MAMMD_OS/toolchain/i686-elf/lib/gcc/i686-elf/13.1.0/libgcc.a(_udivdi3.o)
                0x00008a40                __udivdi3
 *fill*         0x00008b5a        0x6 
 .text          0x00008b60      0x136 /Users/mohammad/programming/MAMMD_OS/toolchain/i686-elf/lib/gcc/i686-elf/13.1.0/libgcc.a(_umoddi3.o)
                0x00008b60                __umoddi3
 *(.rodata)
 .rodata        0x00008c96        0xb /Users/mohammad/programming/assembly/bootloader/build/kernel/c/main.obj
 *fill*         0x00008ca1        0x3 
 .rodata        0x00008ca4       0x8d ../../build/stage2/c/main.obj
 *fill*         0x00008d31        0x3 
 .rodata        0x00008d34       0xb4 ../../build/util/c/stdio.obj
                0x00008d34                g_HexChars

.data           0x00008de8        0x4
 *(.data)
 .data          0x00008de8        0x0 /Users/mohammad/programming/assembly/bootloader/build/kernel/c/main.obj
 .data          0x00008de8        0x0 /Users/mohammad/programming/assembly/bootloader/build/kernel/c/cpu/cpu.obj
 .data          0x00008de8        0x0 ../../build/stage2/c/main.obj
 .data          0x00008de8        0x4 ../../build/util/c/stdio.obj
                0x00008de8                vid_mem
 .data          0x00008dec        0x0 /Users/mohammad/programming/MAMMD_OS/toolchain/i686-elf/lib/gcc/i686-elf/13.1.0/libgcc.a(_udivdi3.o)
 .data          0x00008dec        0x0 /Users/mohammad/programming/MAMMD_OS/toolchain/i686-elf/lib/gcc/i686-elf/13.1.0/libgcc.a(_umoddi3.o)

.bss            0x00008dec        0x4
 *(.bss)
 .bss           0x00008dec        0x0 /Users/mohammad/programming/assembly/bootloader/build/kernel/c/main.obj
 .bss           0x00008dec        0x4 /Users/mohammad/programming/assembly/bootloader/build/kernel/c/cpu/cpu.obj
                0x00008dec                EDX_CPU_FEAT
 .bss           0x00008df0        0x0 ../../build/stage2/c/main.obj
 .bss           0x00008df0        0x0 ../../build/util/c/stdio.obj
 .bss           0x00008df0        0x0 /Users/mohammad/programming/MAMMD_OS/toolchain/i686-elf/lib/gcc/i686-elf/13.1.0/libgcc.a(_udivdi3.o)
 .bss           0x00008df0        0x0 /Users/mohammad/programming/MAMMD_OS/toolchain/i686-elf/lib/gcc/i686-elf/13.1.0/libgcc.a(_umoddi3.o)
OUTPUT(/Users/mohammad/programming/assembly/bootloader/build/kernel.bin binary)

.debug_info     0x00000000      0xf00
 .debug_info    0x00000000      0x113 /Users/mohammad/programming/assembly/bootloader/build/kernel/c/main.obj
 .debug_info    0x00000113      0x29f /Users/mohammad/programming/assembly/bootloader/build/kernel/c/cpu/cpu.obj
 .debug_info    0x000003b2       0xb2 ../../build/stage2/c/main.obj
 .debug_info    0x00000464      0x42d ../../build/util/c/stdio.obj
 .debug_info    0x00000891      0x32c /Users/mohammad/programming/MAMMD_OS/toolchain/i686-elf/lib/gcc/i686-elf/13.1.0/libgcc.a(_udivdi3.o)
 .debug_info    0x00000bbd      0x343 /Users/mohammad/programming/MAMMD_OS/toolchain/i686-elf/lib/gcc/i686-elf/13.1.0/libgcc.a(_umoddi3.o)

.debug_abbrev   0x00000000      0x6d1
 .debug_abbrev  0x00000000       0xb9 /Users/mohammad/programming/assembly/bootloader/build/kernel/c/main.obj
 .debug_abbrev  0x000000b9      0x12a /Users/mohammad/programming/assembly/bootloader/build/kernel/c/cpu/cpu.obj
 .debug_abbrev  0x000001e3       0x85 ../../build/stage2/c/main.obj
 .debug_abbrev  0x00000268      0x19d ../../build/util/c/stdio.obj
 .debug_abbrev  0x00000405      0x15b /Users/mohammad/programming/MAMMD_OS/toolchain/i686-elf/lib/gcc/i686-elf/13.1.0/libgcc.a(_udivdi3.o)
 .debug_abbrev  0x00000560      0x171 /Users/mohammad/programming/MAMMD_OS/toolchain/i686-elf/lib/gcc/i686-elf/13.1.0/libgcc.a(_umoddi3.o)

.debug_aranges  0x00000000       0xc0
 .debug_aranges
                0x00000000       0x20 /Users/mohammad/programming/assembly/bootloader/build/kernel/c/main.obj
 .debug_aranges
                0x00000020       0x20 /Users/mohammad/programming/assembly/bootloader/build/kernel/c/cpu/cpu.obj
 .debug_aranges
                0x00000040       0x20 ../../build/stage2/c/main.obj
 .debug_aranges
                0x00000060       0x20 ../../build/util/c/stdio.obj
 .debug_aranges
                0x00000080       0x20 /Users/mohammad/programming/MAMMD_OS/toolchain/i686-elf/lib/gcc/i686-elf/13.1.0/libgcc.a(_udivdi3.o)
 .debug_aranges
                0x000000a0       0x20 /Users/mohammad/programming/MAMMD_OS/toolchain/i686-elf/lib/gcc/i686-elf/13.1.0/libgcc.a(_umoddi3.o)

.debug_line     0x00000000      0x7ee
 .debug_line    0x00000000       0x68 /Users/mohammad/programming/assembly/bootloader/build/kernel/c/main.obj
 .debug_line    0x00000068       0xc4 /Users/mohammad/programming/assembly/bootloader/build/kernel/c/cpu/cpu.obj
 .debug_line    0x0000012c       0x5a ../../build/stage2/c/main.obj
 .debug_line    0x00000186      0x317 ../../build/util/c/stdio.obj
 .debug_line    0x0000049d      0x180 /Users/mohammad/programming/MAMMD_OS/toolchain/i686-elf/lib/gcc/i686-elf/13.1.0/libgcc.a(_udivdi3.o)
 .debug_line    0x0000061d      0x1d1 /Users/mohammad/programming/MAMMD_OS/toolchain/i686-elf/lib/gcc/i686-elf/13.1.0/libgcc.a(_umoddi3.o)

.debug_str      0x00000000      0xae8
 .debug_str     0x00000000      0x112 /Users/mohammad/programming/assembly/bootloader/build/kernel/c/main.obj
 .debug_str     0x00000112      0x323 /Users/mohammad/programming/assembly/bootloader/build/kernel/c/cpu/cpu.obj
 .debug_str     0x00000435       0xe9 ../../build/stage2/c/main.obj
 .debug_str     0x0000051e      0x204 ../../build/util/c/stdio.obj
 .debug_str     0x00000722      0x1e3 /Users/mohammad/programming/MAMMD_OS/toolchain/i686-elf/lib/gcc/i686-elf/13.1.0/libgcc.a(_udivdi3.o)
 .debug_str     0x00000905      0x1e3 /Users/mohammad/programming/MAMMD_OS/toolchain/i686-elf/lib/gcc/i686-elf/13.1.0/libgcc.a(_umoddi3.o)

.debug_line_str
                0x00000000      0x592
 .debug_line_str
                0x00000000      0x106 /Users/mohammad/programming/assembly/bootloader/build/kernel/c/main.obj
 .debug_line_str
                0x00000106       0xf6 /Users/mohammad/programming/assembly/bootloader/build/kernel/c/cpu/cpu.obj
 .debug_line_str
                0x000001fc       0xb4 ../../build/stage2/c/main.obj
 .debug_line_str
                0x000002b0       0xfe ../../build/util/c/stdio.obj
 .debug_line_str
                0x000003ae       0xf2 /Users/mohammad/programming/MAMMD_OS/toolchain/i686-elf/lib/gcc/i686-elf/13.1.0/libgcc.a(_udivdi3.o)
 .debug_line_str
                0x000004a0       0xf2 /Users/mohammad/programming/MAMMD_OS/toolchain/i686-elf/lib/gcc/i686-elf/13.1.0/libgcc.a(_umoddi3.o)

.comment        0x00000000       0x72
 .comment       0x00000000       0x13 /Users/mohammad/programming/assembly/bootloader/build/kernel/c/main.obj
 .comment       0x00000013       0x13 /Users/mohammad/programming/assembly/bootloader/build/kernel/c/cpu/cpu.obj
 .comment       0x00000026       0x13 ../../build/stage2/c/main.obj
 .comment       0x00000039       0x13 ../../build/util/c/stdio.obj
 .comment       0x0000004c       0x13 /Users/mohammad/programming/MAMMD_OS/toolchain/i686-elf/lib/gcc/i686-elf/13.1.0/libgcc.a(_udivdi3.o)
 .comment       0x0000005f       0x13 /Users/mohammad/programming/MAMMD_OS/toolchain/i686-elf/lib/gcc/i686-elf/13.1.0/libgcc.a(_umoddi3.o)

.debug_frame    0x00000000      0x288
 .debug_frame   0x00000000       0x2c /Users/mohammad/programming/assembly/bootloader/build/kernel/c/main.obj
 .debug_frame   0x0000002c       0xa0 /Users/mohammad/programming/assembly/bootloader/build/kernel/c/cpu/cpu.obj
 .debug_frame   0x000000cc       0x40 ../../build/stage2/c/main.obj
 .debug_frame   0x0000010c      0x17c ../../build/util/c/stdio.obj

.debug_loclists
                0x00000000      0x978
 .debug_loclists
                0x00000000      0x50c /Users/mohammad/programming/MAMMD_OS/toolchain/i686-elf/lib/gcc/i686-elf/13.1.0/libgcc.a(_udivdi3.o)
 .debug_loclists
                0x0000050c      0x46c /Users/mohammad/programming/MAMMD_OS/toolchain/i686-elf/lib/gcc/i686-elf/13.1.0/libgcc.a(_umoddi3.o)

.debug_rnglists
                0x00000000       0x49
 .debug_rnglists
                0x00000000       0x2a /Users/mohammad/programming/MAMMD_OS/toolchain/i686-elf/lib/gcc/i686-elf/13.1.0/libgcc.a(_udivdi3.o)
 .debug_rnglists
                0x0000002a       0x1f /Users/mohammad/programming/MAMMD_OS/toolchain/i686-elf/lib/gcc/i686-elf/13.1.0/libgcc.a(_umoddi3.o)
