Archive member included to satisfy reference by file (symbol)

/Users/mohammad/programming/MAMMD_OS/toolchain/i686-elf/lib/gcc/i686-elf/13.1.0/libgcc.a(_udivdi3.o)
                              ../../build/util/c/stdio.obj (__udivdi3)
/Users/mohammad/programming/MAMMD_OS/toolchain/i686-elf/lib/gcc/i686-elf/13.1.0/libgcc.a(_umoddi3.o)
                              ../../build/util/c/stdio.obj (__umoddi3)

Memory Configuration

Name             Origin             Length             Attributes
*default*        0x00000000         0xffffffff

Linker script and memory map

LOAD /Users/mohammad/programming/assembly/bootloader/build/kernel/asm/kernel.obj
LOAD /Users/mohammad/programming/assembly/bootloader/build/kernel/c/main.obj
LOAD ../../build/stage2/c/main.obj
LOAD ../../build/stage2/asm/entry.obj
LOAD ../../build/util/c/stdio.obj
LOAD ../../build/util/asm/x86.obj
LOAD /Users/mohammad/programming/MAMMD_OS/toolchain/i686-elf/lib/gcc/i686-elf/13.1.0/libgcc.a
                0x00001000                        . = 0x1000

.entry          0x00001000       0xaa
                0x00001000                        __entry_start = .
 *(.entry)
 .entry         0x00001000        0xc /Users/mohammad/programming/assembly/bootloader/build/kernel/asm/kernel.obj
                0x00001000                kentry
 .entry         0x0000100c       0x9e ../../build/stage2/asm/entry.obj
                0x0000100c                entry

.eh_frame       0x000010ac       0xd8
 .eh_frame      0x000010ac       0x64 /Users/mohammad/programming/MAMMD_OS/toolchain/i686-elf/lib/gcc/i686-elf/13.1.0/libgcc.a(_udivdi3.o)
 .eh_frame      0x00001110       0x74 /Users/mohammad/programming/MAMMD_OS/toolchain/i686-elf/lib/gcc/i686-elf/13.1.0/libgcc.a(_umoddi3.o)

.text           0x00001190      0xc20
 *(.text)
 .text          0x00001190       0x19 /Users/mohammad/programming/assembly/bootloader/build/kernel/c/main.obj
                0x00001190                kmain
 .text          0x000011a9       0x6f ../../build/stage2/c/main.obj
                0x000011a9                main
 .text          0x00001218      0x7d3 ../../build/util/c/stdio.obj
                0x00001218                getCurPos
                0x0000128c                setCurPos
                0x00001313                cursor2VGA
                0x00001359                clearScr
                0x000013c2                putc
                0x000014ea                puts
                0x00001519                printf_unsigned
                0x000015bd                printf_signed
                0x0000161a                print_buffer
                0x000016b3                printf
 *fill*         0x000019eb        0x5 
 .text          0x000019f0       0x14 ../../build/util/asm/x86.obj
                0x000019f0                x86_outb
                0x000019fb                x86_inb
 *fill*         0x00001a04        0xc 
 .text          0x00001a10      0x11a /Users/mohammad/programming/MAMMD_OS/toolchain/i686-elf/lib/gcc/i686-elf/13.1.0/libgcc.a(_udivdi3.o)
                0x00001a10                __udivdi3
 *fill*         0x00001b2a        0x6 
 .text          0x00001b30      0x136 /Users/mohammad/programming/MAMMD_OS/toolchain/i686-elf/lib/gcc/i686-elf/13.1.0/libgcc.a(_umoddi3.o)
                0x00001b30                __umoddi3
 *(.rodata)
 .rodata        0x00001c66        0x6 /Users/mohammad/programming/assembly/bootloader/build/kernel/c/main.obj
 .rodata        0x00001c6c       0x8d ../../build/stage2/c/main.obj
 *fill*         0x00001cf9        0x3 
 .rodata        0x00001cfc       0xb4 ../../build/util/c/stdio.obj
                0x00001cfc                g_HexChars

.data           0x00001db0        0x4
 *(.data)
 .data          0x00001db0        0x0 /Users/mohammad/programming/assembly/bootloader/build/kernel/c/main.obj
 .data          0x00001db0        0x0 ../../build/stage2/c/main.obj
 .data          0x00001db0        0x4 ../../build/util/c/stdio.obj
                0x00001db0                vid_mem
 .data          0x00001db4        0x0 /Users/mohammad/programming/MAMMD_OS/toolchain/i686-elf/lib/gcc/i686-elf/13.1.0/libgcc.a(_udivdi3.o)
 .data          0x00001db4        0x0 /Users/mohammad/programming/MAMMD_OS/toolchain/i686-elf/lib/gcc/i686-elf/13.1.0/libgcc.a(_umoddi3.o)

.bss            0x00001db4        0x0
 *(.bss)
 .bss           0x00001db4        0x0 /Users/mohammad/programming/assembly/bootloader/build/kernel/c/main.obj
 .bss           0x00001db4        0x0 ../../build/stage2/c/main.obj
 .bss           0x00001db4        0x0 ../../build/util/c/stdio.obj
 .bss           0x00001db4        0x0 /Users/mohammad/programming/MAMMD_OS/toolchain/i686-elf/lib/gcc/i686-elf/13.1.0/libgcc.a(_udivdi3.o)
 .bss           0x00001db4        0x0 /Users/mohammad/programming/MAMMD_OS/toolchain/i686-elf/lib/gcc/i686-elf/13.1.0/libgcc.a(_umoddi3.o)
OUTPUT(/Users/mohammad/programming/assembly/bootloader/build/kernel.bin binary)

.debug_info     0x00000000      0xbcd
 .debug_info    0x00000000       0xa4 /Users/mohammad/programming/assembly/bootloader/build/kernel/c/main.obj
 .debug_info    0x000000a4       0xb2 ../../build/stage2/c/main.obj
 .debug_info    0x00000156      0x408 ../../build/util/c/stdio.obj
 .debug_info    0x0000055e      0x32c /Users/mohammad/programming/MAMMD_OS/toolchain/i686-elf/lib/gcc/i686-elf/13.1.0/libgcc.a(_udivdi3.o)
 .debug_info    0x0000088a      0x343 /Users/mohammad/programming/MAMMD_OS/toolchain/i686-elf/lib/gcc/i686-elf/13.1.0/libgcc.a(_umoddi3.o)

.debug_abbrev   0x00000000      0x545
 .debug_abbrev  0x00000000       0x72 /Users/mohammad/programming/assembly/bootloader/build/kernel/c/main.obj
 .debug_abbrev  0x00000072       0x85 ../../build/stage2/c/main.obj
 .debug_abbrev  0x000000f7      0x182 ../../build/util/c/stdio.obj
 .debug_abbrev  0x00000279      0x15b /Users/mohammad/programming/MAMMD_OS/toolchain/i686-elf/lib/gcc/i686-elf/13.1.0/libgcc.a(_udivdi3.o)
 .debug_abbrev  0x000003d4      0x171 /Users/mohammad/programming/MAMMD_OS/toolchain/i686-elf/lib/gcc/i686-elf/13.1.0/libgcc.a(_umoddi3.o)

.debug_aranges  0x00000000       0xa0
 .debug_aranges
                0x00000000       0x20 /Users/mohammad/programming/assembly/bootloader/build/kernel/c/main.obj
 .debug_aranges
                0x00000020       0x20 ../../build/stage2/c/main.obj
 .debug_aranges
                0x00000040       0x20 ../../build/util/c/stdio.obj
 .debug_aranges
                0x00000060       0x20 /Users/mohammad/programming/MAMMD_OS/toolchain/i686-elf/lib/gcc/i686-elf/13.1.0/libgcc.a(_udivdi3.o)
 .debug_aranges
                0x00000080       0x20 /Users/mohammad/programming/MAMMD_OS/toolchain/i686-elf/lib/gcc/i686-elf/13.1.0/libgcc.a(_umoddi3.o)

.debug_line     0x00000000      0x708
 .debug_line    0x00000000       0x54 /Users/mohammad/programming/assembly/bootloader/build/kernel/c/main.obj
 .debug_line    0x00000054       0x5a ../../build/stage2/c/main.obj
 .debug_line    0x000000ae      0x309 ../../build/util/c/stdio.obj
 .debug_line    0x000003b7      0x180 /Users/mohammad/programming/MAMMD_OS/toolchain/i686-elf/lib/gcc/i686-elf/13.1.0/libgcc.a(_udivdi3.o)
 .debug_line    0x00000537      0x1d1 /Users/mohammad/programming/MAMMD_OS/toolchain/i686-elf/lib/gcc/i686-elf/13.1.0/libgcc.a(_umoddi3.o)

.debug_str      0x00000000      0x788
 .debug_str     0x00000000       0xe1 /Users/mohammad/programming/assembly/bootloader/build/kernel/c/main.obj
 .debug_str     0x000000e1       0xe9 ../../build/stage2/c/main.obj
 .debug_str     0x000001ca      0x1f8 ../../build/util/c/stdio.obj
 .debug_str     0x000003c2      0x1e3 /Users/mohammad/programming/MAMMD_OS/toolchain/i686-elf/lib/gcc/i686-elf/13.1.0/libgcc.a(_udivdi3.o)
 .debug_str     0x000005a5      0x1e3 /Users/mohammad/programming/MAMMD_OS/toolchain/i686-elf/lib/gcc/i686-elf/13.1.0/libgcc.a(_umoddi3.o)

.debug_line_str
                0x00000000      0x431
 .debug_line_str
                0x00000000       0x9b /Users/mohammad/programming/assembly/bootloader/build/kernel/c/main.obj
 .debug_line_str
                0x0000009b       0xb4 ../../build/stage2/c/main.obj
 .debug_line_str
                0x0000014f       0xfe ../../build/util/c/stdio.obj
 .debug_line_str
                0x0000024d       0xf2 /Users/mohammad/programming/MAMMD_OS/toolchain/i686-elf/lib/gcc/i686-elf/13.1.0/libgcc.a(_udivdi3.o)
 .debug_line_str
                0x0000033f       0xf2 /Users/mohammad/programming/MAMMD_OS/toolchain/i686-elf/lib/gcc/i686-elf/13.1.0/libgcc.a(_umoddi3.o)

.comment        0x00000000       0x5f
 .comment       0x00000000       0x13 /Users/mohammad/programming/assembly/bootloader/build/kernel/c/main.obj
 .comment       0x00000013       0x13 ../../build/stage2/c/main.obj
 .comment       0x00000026       0x13 ../../build/util/c/stdio.obj
 .comment       0x00000039       0x13 /Users/mohammad/programming/MAMMD_OS/toolchain/i686-elf/lib/gcc/i686-elf/13.1.0/libgcc.a(_udivdi3.o)
 .comment       0x0000004c       0x13 /Users/mohammad/programming/MAMMD_OS/toolchain/i686-elf/lib/gcc/i686-elf/13.1.0/libgcc.a(_umoddi3.o)

.debug_frame    0x00000000      0x1c8
 .debug_frame   0x00000000       0x2c /Users/mohammad/programming/assembly/bootloader/build/kernel/c/main.obj
 .debug_frame   0x0000002c       0x40 ../../build/stage2/c/main.obj
 .debug_frame   0x0000006c      0x15c ../../build/util/c/stdio.obj

.debug_loclists
                0x00000000      0x978
 .debug_loclists
                0x00000000      0x50c /Users/mohammad/programming/MAMMD_OS/toolchain/i686-elf/lib/gcc/i686-elf/13.1.0/libgcc.a(_udivdi3.o)
 .debug_loclists
                0x0000050c      0x46c /Users/mohammad/programming/MAMMD_OS/toolchain/i686-elf/lib/gcc/i686-elf/13.1.0/libgcc.a(_umoddi3.o)

.debug_rnglists
                0x00000000       0x49
 .debug_rnglists
                0x00000000       0x2a /Users/mohammad/programming/MAMMD_OS/toolchain/i686-elf/lib/gcc/i686-elf/13.1.0/libgcc.a(_udivdi3.o)
 .debug_rnglists
                0x0000002a       0x1f /Users/mohammad/programming/MAMMD_OS/toolchain/i686-elf/lib/gcc/i686-elf/13.1.0/libgcc.a(_umoddi3.o)
