Archive member included to satisfy reference by file (symbol)

/Users/mohammad/programming/MAMMD_OS/toolchain/i686-elf/lib/gcc/i686-elf/13.1.0/libgcc.a(_udivdi3.o)
                              /Users/mohammad/programming/assembly/bootloader/build/kernel/c/stdio.obj (__udivdi3)
/Users/mohammad/programming/MAMMD_OS/toolchain/i686-elf/lib/gcc/i686-elf/13.1.0/libgcc.a(_umoddi3.o)
                              /Users/mohammad/programming/assembly/bootloader/build/kernel/c/stdio.obj (__umoddi3)

Memory Configuration

Name             Origin             Length             Attributes
*default*        0x00000000         0xffffffff

Linker script and memory map

LOAD /Users/mohammad/programming/assembly/bootloader/build/kernel/asm/entry.obj
LOAD /Users/mohammad/programming/assembly/bootloader/build/kernel/asm/x86.obj
LOAD /Users/mohammad/programming/assembly/bootloader/build/kernel/c/main.obj
LOAD /Users/mohammad/programming/assembly/bootloader/build/kernel/c/somthing.obj
LOAD /Users/mohammad/programming/assembly/bootloader/build/kernel/c/stdio.obj
LOAD /Users/mohammad/programming/MAMMD_OS/toolchain/i686-elf/lib/gcc/i686-elf/13.1.0/libgcc.a
                0x00200000                        phys = 0x200000
                0x00200000                        . = phys

.entry          0x00200000       0x11
                0x00200000                        __entry_start = .
 *(.entry)
 .entry         0x00200000       0x11 /Users/mohammad/programming/assembly/bootloader/build/kernel/asm/entry.obj
                0x00200000                kentry

.text           0x00200020      0xb36
                0x00200020                        __text_start = .
 *(.text)
 .text          0x00200020       0xce /Users/mohammad/programming/assembly/bootloader/build/kernel/asm/x86.obj
                0x00200020                x86_outb
                0x0020002b                x86_inb
                0x00200072                MemDetect
 .text          0x002000ee       0x13 /Users/mohammad/programming/assembly/bootloader/build/kernel/c/main.obj
                0x002000ee                kmain
 .text          0x00200101       0x16 /Users/mohammad/programming/assembly/bootloader/build/kernel/c/somthing.obj
                0x00200101                smth
 .text          0x00200117      0x7dc /Users/mohammad/programming/assembly/bootloader/build/kernel/c/stdio.obj
                0x00200117                set_vid_mem
                0x00200125                getCurPos
                0x00200194                setCurPos
                0x0020021b                cursor2VGA
                0x00200261                clearScr
                0x002002ca                putc
                0x002003f2                puts
                0x00200421                printf_unsigned
                0x002004c5                printf_signed
                0x00200522                print_buffer
                0x002005bb                printf
 *fill*         0x002008f3        0xd 
 .text          0x00200900      0x11a /Users/mohammad/programming/MAMMD_OS/toolchain/i686-elf/lib/gcc/i686-elf/13.1.0/libgcc.a(_udivdi3.o)
                0x00200900                __udivdi3
 *fill*         0x00200a1a        0x6 
 .text          0x00200a20      0x136 /Users/mohammad/programming/MAMMD_OS/toolchain/i686-elf/lib/gcc/i686-elf/13.1.0/libgcc.a(_umoddi3.o)
                0x00200a20                __umoddi3

.data           0x00200b58        0x4
                0x00200b58                        __data_start = .
 *(.data)
 .data          0x00200b58        0x0 /Users/mohammad/programming/assembly/bootloader/build/kernel/c/main.obj
 .data          0x00200b58        0x0 /Users/mohammad/programming/assembly/bootloader/build/kernel/c/somthing.obj
 .data          0x00200b58        0x4 /Users/mohammad/programming/assembly/bootloader/build/kernel/c/stdio.obj
                0x00200b58                vid_mem
 .data          0x00200b5c        0x0 /Users/mohammad/programming/MAMMD_OS/toolchain/i686-elf/lib/gcc/i686-elf/13.1.0/libgcc.a(_udivdi3.o)
 .data          0x00200b5c        0x0 /Users/mohammad/programming/MAMMD_OS/toolchain/i686-elf/lib/gcc/i686-elf/13.1.0/libgcc.a(_umoddi3.o)

.rodata         0x00200b5c       0xb4
                0x00200b5c                        __rodata_start = .
 *(.rodata)
 .rodata        0x00200b5c       0xb4 /Users/mohammad/programming/assembly/bootloader/build/kernel/c/stdio.obj
                0x00200b5c                g_HexChars

.eh_frame       0x00200c10       0xd8
 .eh_frame      0x00200c10       0x64 /Users/mohammad/programming/MAMMD_OS/toolchain/i686-elf/lib/gcc/i686-elf/13.1.0/libgcc.a(_udivdi3.o)
 .eh_frame      0x00200c74       0x74 /Users/mohammad/programming/MAMMD_OS/toolchain/i686-elf/lib/gcc/i686-elf/13.1.0/libgcc.a(_umoddi3.o)

.bss            0x00200ce8    0x10000
                0x00200ce8                        __bss_start = .
 *(.bss)
 .bss           0x00200ce8    0x10000 /Users/mohammad/programming/assembly/bootloader/build/kernel/asm/entry.obj
 .bss           0x00210ce8        0x0 /Users/mohammad/programming/assembly/bootloader/build/kernel/c/main.obj
 .bss           0x00210ce8        0x0 /Users/mohammad/programming/assembly/bootloader/build/kernel/c/somthing.obj
 .bss           0x00210ce8        0x0 /Users/mohammad/programming/assembly/bootloader/build/kernel/c/stdio.obj
 .bss           0x00210ce8        0x0 /Users/mohammad/programming/MAMMD_OS/toolchain/i686-elf/lib/gcc/i686-elf/13.1.0/libgcc.a(_udivdi3.o)
 .bss           0x00210ce8        0x0 /Users/mohammad/programming/MAMMD_OS/toolchain/i686-elf/lib/gcc/i686-elf/13.1.0/libgcc.a(_umoddi3.o)
                0x00210ce8                        __end = .
OUTPUT(/Users/mohammad/programming/assembly/bootloader/build/kernel.bin binary)

.debug_info     0x00000000      0xbe1
 .debug_info    0x00000000       0xa0 /Users/mohammad/programming/assembly/bootloader/build/kernel/c/main.obj
 .debug_info    0x000000a0       0xa5 /Users/mohammad/programming/assembly/bootloader/build/kernel/c/somthing.obj
 .debug_info    0x00000145      0x42d /Users/mohammad/programming/assembly/bootloader/build/kernel/c/stdio.obj
 .debug_info    0x00000572      0x32c /Users/mohammad/programming/MAMMD_OS/toolchain/i686-elf/lib/gcc/i686-elf/13.1.0/libgcc.a(_udivdi3.o)
 .debug_info    0x0000089e      0x343 /Users/mohammad/programming/MAMMD_OS/toolchain/i686-elf/lib/gcc/i686-elf/13.1.0/libgcc.a(_umoddi3.o)

.debug_abbrev   0x00000000      0x52f
 .debug_abbrev  0x00000000       0x5a /Users/mohammad/programming/assembly/bootloader/build/kernel/c/main.obj
 .debug_abbrev  0x0000005a       0x6c /Users/mohammad/programming/assembly/bootloader/build/kernel/c/somthing.obj
 .debug_abbrev  0x000000c6      0x19d /Users/mohammad/programming/assembly/bootloader/build/kernel/c/stdio.obj
 .debug_abbrev  0x00000263      0x15b /Users/mohammad/programming/MAMMD_OS/toolchain/i686-elf/lib/gcc/i686-elf/13.1.0/libgcc.a(_udivdi3.o)
 .debug_abbrev  0x000003be      0x171 /Users/mohammad/programming/MAMMD_OS/toolchain/i686-elf/lib/gcc/i686-elf/13.1.0/libgcc.a(_umoddi3.o)

.debug_aranges  0x00000000       0xa0
 .debug_aranges
                0x00000000       0x20 /Users/mohammad/programming/assembly/bootloader/build/kernel/c/main.obj
 .debug_aranges
                0x00000020       0x20 /Users/mohammad/programming/assembly/bootloader/build/kernel/c/somthing.obj
 .debug_aranges
                0x00000040       0x20 /Users/mohammad/programming/assembly/bootloader/build/kernel/c/stdio.obj
 .debug_aranges
                0x00000060       0x20 /Users/mohammad/programming/MAMMD_OS/toolchain/i686-elf/lib/gcc/i686-elf/13.1.0/libgcc.a(_udivdi3.o)
 .debug_aranges
                0x00000080       0x20 /Users/mohammad/programming/MAMMD_OS/toolchain/i686-elf/lib/gcc/i686-elf/13.1.0/libgcc.a(_umoddi3.o)

.debug_line     0x00000000      0x719
 .debug_line    0x00000000       0x5a /Users/mohammad/programming/assembly/bootloader/build/kernel/c/main.obj
 .debug_line    0x0000005a       0x57 /Users/mohammad/programming/assembly/bootloader/build/kernel/c/somthing.obj
 .debug_line    0x000000b1      0x317 /Users/mohammad/programming/assembly/bootloader/build/kernel/c/stdio.obj
 .debug_line    0x000003c8      0x180 /Users/mohammad/programming/MAMMD_OS/toolchain/i686-elf/lib/gcc/i686-elf/13.1.0/libgcc.a(_udivdi3.o)
 .debug_line    0x00000548      0x1d1 /Users/mohammad/programming/MAMMD_OS/toolchain/i686-elf/lib/gcc/i686-elf/13.1.0/libgcc.a(_umoddi3.o)

.debug_str      0x00000000      0x78e
 .debug_str     0x00000000       0xe8 /Users/mohammad/programming/assembly/bootloader/build/kernel/c/main.obj
 .debug_str     0x000000e8       0xdc /Users/mohammad/programming/assembly/bootloader/build/kernel/c/somthing.obj
 .debug_str     0x000001c4      0x204 /Users/mohammad/programming/assembly/bootloader/build/kernel/c/stdio.obj
 .debug_str     0x000003c8      0x1e3 /Users/mohammad/programming/MAMMD_OS/toolchain/i686-elf/lib/gcc/i686-elf/13.1.0/libgcc.a(_udivdi3.o)
 .debug_str     0x000005ab      0x1e3 /Users/mohammad/programming/MAMMD_OS/toolchain/i686-elf/lib/gcc/i686-elf/13.1.0/libgcc.a(_umoddi3.o)

.debug_line_str
                0x00000000      0x483
 .debug_line_str
                0x00000000       0xa1 /Users/mohammad/programming/assembly/bootloader/build/kernel/c/main.obj
 .debug_line_str
                0x000000a1       0xfc /Users/mohammad/programming/assembly/bootloader/build/kernel/c/somthing.obj
 .debug_line_str
                0x0000019d      0x102 /Users/mohammad/programming/assembly/bootloader/build/kernel/c/stdio.obj
 .debug_line_str
                0x0000029f       0xf2 /Users/mohammad/programming/MAMMD_OS/toolchain/i686-elf/lib/gcc/i686-elf/13.1.0/libgcc.a(_udivdi3.o)
 .debug_line_str
                0x00000391       0xf2 /Users/mohammad/programming/MAMMD_OS/toolchain/i686-elf/lib/gcc/i686-elf/13.1.0/libgcc.a(_umoddi3.o)

.comment        0x00000000       0x5f
 .comment       0x00000000       0x13 /Users/mohammad/programming/assembly/bootloader/build/kernel/c/main.obj
 .comment       0x00000013       0x13 /Users/mohammad/programming/assembly/bootloader/build/kernel/c/somthing.obj
 .comment       0x00000026       0x13 /Users/mohammad/programming/assembly/bootloader/build/kernel/c/stdio.obj
 .comment       0x00000039       0x13 /Users/mohammad/programming/MAMMD_OS/toolchain/i686-elf/lib/gcc/i686-elf/13.1.0/libgcc.a(_udivdi3.o)
 .comment       0x0000004c       0x13 /Users/mohammad/programming/MAMMD_OS/toolchain/i686-elf/lib/gcc/i686-elf/13.1.0/libgcc.a(_umoddi3.o)

.debug_frame    0x00000000      0x1dc
 .debug_frame   0x00000000       0x2c /Users/mohammad/programming/assembly/bootloader/build/kernel/c/main.obj
 .debug_frame   0x0000002c       0x34 /Users/mohammad/programming/assembly/bootloader/build/kernel/c/somthing.obj
 .debug_frame   0x00000060      0x17c /Users/mohammad/programming/assembly/bootloader/build/kernel/c/stdio.obj

.debug_loclists
                0x00000000      0x978
 .debug_loclists
                0x00000000      0x50c /Users/mohammad/programming/MAMMD_OS/toolchain/i686-elf/lib/gcc/i686-elf/13.1.0/libgcc.a(_udivdi3.o)
 .debug_loclists
                0x0000050c      0x46c /Users/mohammad/programming/MAMMD_OS/toolchain/i686-elf/lib/gcc/i686-elf/13.1.0/libgcc.a(_umoddi3.o)

.debug_rnglists
                0x00000000       0x49
 .debug_rnglists
                0x00000000       0x2a /Users/mohammad/programming/MAMMD_OS/toolchain/i686-elf/lib/gcc/i686-elf/13.1.0/libgcc.a(_udivdi3.o)
 .debug_rnglists
                0x0000002a       0x1f /Users/mohammad/programming/MAMMD_OS/toolchain/i686-elf/lib/gcc/i686-elf/13.1.0/libgcc.a(_umoddi3.o)
