Archive member included to satisfy reference by file (symbol)

/Users/mohammad/programming/MAMMD_OS/toolchain/i686-elf/lib/gcc/i686-elf/13.1.0/libgcc.a(_udivdi3.o)
                              ../../build/util/c/stdio.obj (__udivdi3)
/Users/mohammad/programming/MAMMD_OS/toolchain/i686-elf/lib/gcc/i686-elf/13.1.0/libgcc.a(_umoddi3.o)
                              ../../build/util/c/stdio.obj (__umoddi3)

Memory Configuration

Name             Origin             Length             Attributes
*default*        0x00000000         0xffffffff

Linker script and memory map

LOAD /Users/mohammad/programming/assembly/bootloader/build/kernel/asm/kernel.obj
LOAD /Users/mohammad/programming/assembly/bootloader/build/kernel/asm/x86.obj
LOAD /Users/mohammad/programming/assembly/bootloader/build/kernel/c/main.obj
LOAD /Users/mohammad/programming/assembly/bootloader/build/kernel/c/cpu/cpuid.obj
LOAD ../../build/stage2/c/main.obj
LOAD ../../build/stage2/asm/entry.obj
LOAD ../../build/util/c/stdio.obj
LOAD ../../build/util/asm/x86.obj
LOAD /Users/mohammad/programming/MAMMD_OS/toolchain/i686-elf/lib/gcc/i686-elf/13.1.0/libgcc.a
                0x00001000                        . = 0x1000

.entry          0x00001000       0xa3
                0x00001000                        __entry_start = .
 *(.entry)
 .entry         0x00001000        0xe /Users/mohammad/programming/assembly/bootloader/build/kernel/asm/kernel.obj
                0x00001000                kentry
 .entry         0x0000100e       0x95 ../../build/stage2/asm/entry.obj
                0x0000100e                entry

.eh_frame       0x000010a4       0xd8
 .eh_frame      0x000010a4       0x64 /Users/mohammad/programming/MAMMD_OS/toolchain/i686-elf/lib/gcc/i686-elf/13.1.0/libgcc.a(_udivdi3.o)
 .eh_frame      0x00001108       0x74 /Users/mohammad/programming/MAMMD_OS/toolchain/i686-elf/lib/gcc/i686-elf/13.1.0/libgcc.a(_umoddi3.o)

.text           0x00001180      0xe0c
 *(.text)
 .text          0x00001180       0x73 /Users/mohammad/programming/assembly/bootloader/build/kernel/asm/x86.obj
                0x00001180                chs_ata_read
 .text          0x000011f3       0x53 /Users/mohammad/programming/assembly/bootloader/build/kernel/c/main.obj
                0x000011f3                kmain
 .text          0x00001246      0x11d /Users/mohammad/programming/assembly/bootloader/build/kernel/c/cpu/cpuid.obj
                0x00001319                edx_get_features
                0x0000133e                ecx_get_features
 .text          0x00001363       0x6f ../../build/stage2/c/main.obj
                0x00001363                main
 .text          0x000013d2      0x7e1 ../../build/util/c/stdio.obj
                0x000013d2                set_vid_mem
                0x000013e0                getCurPos
                0x00001454                setCurPos
                0x000014db                cursor2VGA
                0x00001521                clearScr
                0x0000158a                putc
                0x000016b2                puts
                0x000016e1                printf_unsigned
                0x00001785                printf_signed
                0x000017e2                print_buffer
                0x0000187b                printf
 *fill*         0x00001bb3        0xd 
 .text          0x00001bc0       0x14 ../../build/util/asm/x86.obj
                0x00001bc0                x86_outb
                0x00001bcb                x86_inb
 *fill*         0x00001bd4        0xc 
 .text          0x00001be0      0x11a /Users/mohammad/programming/MAMMD_OS/toolchain/i686-elf/lib/gcc/i686-elf/13.1.0/libgcc.a(_udivdi3.o)
                0x00001be0                __udivdi3
 *fill*         0x00001cfa        0x6 
 .text          0x00001d00      0x136 /Users/mohammad/programming/MAMMD_OS/toolchain/i686-elf/lib/gcc/i686-elf/13.1.0/libgcc.a(_umoddi3.o)
                0x00001d00                __umoddi3
 *(.rodata)
 .rodata        0x00001e36        0xf /Users/mohammad/programming/assembly/bootloader/build/kernel/c/main.obj
 *fill*         0x00001e45        0x3 
 .rodata        0x00001e48       0x8d ../../build/stage2/c/main.obj
 *fill*         0x00001ed5        0x3 
 .rodata        0x00001ed8       0xb4 ../../build/util/c/stdio.obj
                0x00001ed8                g_HexChars

.data           0x00001f8c        0x4
 *(.data)
 .data          0x00001f8c        0x0 /Users/mohammad/programming/assembly/bootloader/build/kernel/c/main.obj
 .data          0x00001f8c        0x0 /Users/mohammad/programming/assembly/bootloader/build/kernel/c/cpu/cpuid.obj
 .data          0x00001f8c        0x0 ../../build/stage2/c/main.obj
 .data          0x00001f8c        0x4 ../../build/util/c/stdio.obj
                0x00001f8c                vid_mem
 .data          0x00001f90        0x0 /Users/mohammad/programming/MAMMD_OS/toolchain/i686-elf/lib/gcc/i686-elf/13.1.0/libgcc.a(_udivdi3.o)
 .data          0x00001f90        0x0 /Users/mohammad/programming/MAMMD_OS/toolchain/i686-elf/lib/gcc/i686-elf/13.1.0/libgcc.a(_umoddi3.o)

.bss            0x00001f90        0x0
 *(.bss)
 .bss           0x00001f90        0x0 /Users/mohammad/programming/assembly/bootloader/build/kernel/c/main.obj
 .bss           0x00001f90        0x0 /Users/mohammad/programming/assembly/bootloader/build/kernel/c/cpu/cpuid.obj
 .bss           0x00001f90        0x0 ../../build/stage2/c/main.obj
 .bss           0x00001f90        0x0 ../../build/util/c/stdio.obj
 .bss           0x00001f90        0x0 /Users/mohammad/programming/MAMMD_OS/toolchain/i686-elf/lib/gcc/i686-elf/13.1.0/libgcc.a(_udivdi3.o)
 .bss           0x00001f90        0x0 /Users/mohammad/programming/MAMMD_OS/toolchain/i686-elf/lib/gcc/i686-elf/13.1.0/libgcc.a(_umoddi3.o)
OUTPUT(/Users/mohammad/programming/assembly/bootloader/build/kernel.bin binary)

.debug_info     0x00000000      0xfbd
 .debug_info    0x00000000      0x2da /Users/mohammad/programming/assembly/bootloader/build/kernel/c/main.obj
 .debug_info    0x000002da      0x195 /Users/mohammad/programming/assembly/bootloader/build/kernel/c/cpu/cpuid.obj
 .debug_info    0x0000046f       0xb2 ../../build/stage2/c/main.obj
 .debug_info    0x00000521      0x42d ../../build/util/c/stdio.obj
 .debug_info    0x0000094e      0x32c /Users/mohammad/programming/MAMMD_OS/toolchain/i686-elf/lib/gcc/i686-elf/13.1.0/libgcc.a(_udivdi3.o)
 .debug_info    0x00000c7a      0x343 /Users/mohammad/programming/MAMMD_OS/toolchain/i686-elf/lib/gcc/i686-elf/13.1.0/libgcc.a(_umoddi3.o)

.debug_abbrev   0x00000000      0x6c8
 .debug_abbrev  0x00000000       0xfa /Users/mohammad/programming/assembly/bootloader/build/kernel/c/main.obj
 .debug_abbrev  0x000000fa       0xe0 /Users/mohammad/programming/assembly/bootloader/build/kernel/c/cpu/cpuid.obj
 .debug_abbrev  0x000001da       0x85 ../../build/stage2/c/main.obj
 .debug_abbrev  0x0000025f      0x19d ../../build/util/c/stdio.obj
 .debug_abbrev  0x000003fc      0x15b /Users/mohammad/programming/MAMMD_OS/toolchain/i686-elf/lib/gcc/i686-elf/13.1.0/libgcc.a(_udivdi3.o)
 .debug_abbrev  0x00000557      0x171 /Users/mohammad/programming/MAMMD_OS/toolchain/i686-elf/lib/gcc/i686-elf/13.1.0/libgcc.a(_umoddi3.o)

.debug_aranges  0x00000000       0xc0
 .debug_aranges
                0x00000000       0x20 /Users/mohammad/programming/assembly/bootloader/build/kernel/c/main.obj
 .debug_aranges
                0x00000020       0x20 /Users/mohammad/programming/assembly/bootloader/build/kernel/c/cpu/cpuid.obj
 .debug_aranges
                0x00000040       0x20 ../../build/stage2/c/main.obj
 .debug_aranges
                0x00000060       0x20 ../../build/util/c/stdio.obj
 .debug_aranges
                0x00000080       0x20 /Users/mohammad/programming/MAMMD_OS/toolchain/i686-elf/lib/gcc/i686-elf/13.1.0/libgcc.a(_udivdi3.o)
 .debug_aranges
                0x000000a0       0x20 /Users/mohammad/programming/MAMMD_OS/toolchain/i686-elf/lib/gcc/i686-elf/13.1.0/libgcc.a(_umoddi3.o)

.debug_line     0x00000000      0x7ed
 .debug_line    0x00000000       0x73 /Users/mohammad/programming/assembly/bootloader/build/kernel/c/main.obj
 .debug_line    0x00000073       0xbf /Users/mohammad/programming/assembly/bootloader/build/kernel/c/cpu/cpuid.obj
 .debug_line    0x00000132       0x5a ../../build/stage2/c/main.obj
 .debug_line    0x0000018c      0x310 ../../build/util/c/stdio.obj
 .debug_line    0x0000049c      0x180 /Users/mohammad/programming/MAMMD_OS/toolchain/i686-elf/lib/gcc/i686-elf/13.1.0/libgcc.a(_udivdi3.o)
 .debug_line    0x0000061c      0x1d1 /Users/mohammad/programming/MAMMD_OS/toolchain/i686-elf/lib/gcc/i686-elf/13.1.0/libgcc.a(_umoddi3.o)

.debug_str      0x00000000      0xd59
 .debug_str     0x00000000      0x5d3 /Users/mohammad/programming/assembly/bootloader/build/kernel/c/main.obj
 .debug_str     0x000005d3       0xd3 /Users/mohammad/programming/assembly/bootloader/build/kernel/c/cpu/cpuid.obj
 .debug_str     0x000006a6       0xe9 ../../build/stage2/c/main.obj
 .debug_str     0x0000078f      0x204 ../../build/util/c/stdio.obj
 .debug_str     0x00000993      0x1e3 /Users/mohammad/programming/MAMMD_OS/toolchain/i686-elf/lib/gcc/i686-elf/13.1.0/libgcc.a(_udivdi3.o)
 .debug_str     0x00000b76      0x1e3 /Users/mohammad/programming/MAMMD_OS/toolchain/i686-elf/lib/gcc/i686-elf/13.1.0/libgcc.a(_umoddi3.o)

.debug_line_str
                0x00000000      0x596
 .debug_line_str
                0x00000000      0x10a /Users/mohammad/programming/assembly/bootloader/build/kernel/c/main.obj
 .debug_line_str
                0x0000010a       0xf6 /Users/mohammad/programming/assembly/bootloader/build/kernel/c/cpu/cpuid.obj
 .debug_line_str
                0x00000200       0xb4 ../../build/stage2/c/main.obj
 .debug_line_str
                0x000002b4       0xfe ../../build/util/c/stdio.obj
 .debug_line_str
                0x000003b2       0xf2 /Users/mohammad/programming/MAMMD_OS/toolchain/i686-elf/lib/gcc/i686-elf/13.1.0/libgcc.a(_udivdi3.o)
 .debug_line_str
                0x000004a4       0xf2 /Users/mohammad/programming/MAMMD_OS/toolchain/i686-elf/lib/gcc/i686-elf/13.1.0/libgcc.a(_umoddi3.o)

.comment        0x00000000       0x72
 .comment       0x00000000       0x13 /Users/mohammad/programming/assembly/bootloader/build/kernel/c/main.obj
 .comment       0x00000013       0x13 /Users/mohammad/programming/assembly/bootloader/build/kernel/c/cpu/cpuid.obj
 .comment       0x00000026       0x13 ../../build/stage2/c/main.obj
 .comment       0x00000039       0x13 ../../build/util/c/stdio.obj
 .comment       0x0000004c       0x13 /Users/mohammad/programming/MAMMD_OS/toolchain/i686-elf/lib/gcc/i686-elf/13.1.0/libgcc.a(_udivdi3.o)
 .comment       0x0000005f       0x13 /Users/mohammad/programming/MAMMD_OS/toolchain/i686-elf/lib/gcc/i686-elf/13.1.0/libgcc.a(_umoddi3.o)

.debug_frame    0x00000000      0x288
 .debug_frame   0x00000000       0x2c /Users/mohammad/programming/assembly/bootloader/build/kernel/c/main.obj
 .debug_frame   0x0000002c       0xa0 /Users/mohammad/programming/assembly/bootloader/build/kernel/c/cpu/cpuid.obj
 .debug_frame   0x000000cc       0x40 ../../build/stage2/c/main.obj
 .debug_frame   0x0000010c      0x17c ../../build/util/c/stdio.obj

.debug_loclists
                0x00000000      0x978
 .debug_loclists
                0x00000000      0x50c /Users/mohammad/programming/MAMMD_OS/toolchain/i686-elf/lib/gcc/i686-elf/13.1.0/libgcc.a(_udivdi3.o)
 .debug_loclists
                0x0000050c      0x46c /Users/mohammad/programming/MAMMD_OS/toolchain/i686-elf/lib/gcc/i686-elf/13.1.0/libgcc.a(_umoddi3.o)

.debug_rnglists
                0x00000000       0x49
 .debug_rnglists
                0x00000000       0x2a /Users/mohammad/programming/MAMMD_OS/toolchain/i686-elf/lib/gcc/i686-elf/13.1.0/libgcc.a(_udivdi3.o)
 .debug_rnglists
                0x0000002a       0x1f /Users/mohammad/programming/MAMMD_OS/toolchain/i686-elf/lib/gcc/i686-elf/13.1.0/libgcc.a(_umoddi3.o)
