Archive member included to satisfy reference by file (symbol)

/Users/mohammad/programming/MAMMD_OS/toolchain/i686-elf/lib/gcc/i686-elf/13.1.0/libgcc.a(_udivdi3.o)
                              /Users/mohammad/programming/assembly/bootloader/build/common/c/stdio.obj (__udivdi3)
/Users/mohammad/programming/MAMMD_OS/toolchain/i686-elf/lib/gcc/i686-elf/13.1.0/libgcc.a(_umoddi3.o)
                              /Users/mohammad/programming/assembly/bootloader/build/common/c/stdio.obj (__umoddi3)

Memory Configuration

Name             Origin             Length             Attributes
*default*        0x00000000         0xffffffff

Linker script and memory map

LOAD /Users/mohammad/programming/assembly/bootloader/build/stage2/asm/entry.obj
LOAD /Users/mohammad/programming/assembly/bootloader/build/common/asm/ata.obj
LOAD /Users/mohammad/programming/assembly/bootloader/build/common/asm/x86.obj
LOAD /Users/mohammad/programming/assembly/bootloader/build/stage2/c/main.obj
LOAD /Users/mohammad/programming/assembly/bootloader/build/stage2/c/memdetect.obj
LOAD /Users/mohammad/programming/assembly/bootloader/build/common/c/memory.obj
LOAD /Users/mohammad/programming/assembly/bootloader/build/common/c/mlfs.obj
LOAD /Users/mohammad/programming/assembly/bootloader/build/common/c/stdio.obj
LOAD /Users/mohammad/programming/assembly/bootloader/build/common/c/string.obj
LOAD /Users/mohammad/programming/MAMMD_OS/toolchain/i686-elf/lib/gcc/i686-elf/13.1.0/libgcc.a
                0x00000500                        . = 0x500

.entry          0x00000500       0x95
                0x00000500                        __entry_start = .
 *(.entry)
 .entry         0x00000500       0x95 /Users/mohammad/programming/assembly/bootloader/build/stage2/asm/entry.obj
                0x00000500                entry

.eh_frame       0x00000598       0xd8
 .eh_frame      0x00000598       0x64 /Users/mohammad/programming/MAMMD_OS/toolchain/i686-elf/lib/gcc/i686-elf/13.1.0/libgcc.a(_udivdi3.o)
 .eh_frame      0x000005fc       0x74 /Users/mohammad/programming/MAMMD_OS/toolchain/i686-elf/lib/gcc/i686-elf/13.1.0/libgcc.a(_umoddi3.o)

.text           0x00000670     0x13c0
 *(.text)
 .text          0x00000670       0x76 /Users/mohammad/programming/assembly/bootloader/build/common/asm/ata.obj
                0x00000670                ata_lba_read
 *fill*         0x000006e6        0xa 
 .text          0x000006f0       0xce /Users/mohammad/programming/assembly/bootloader/build/common/asm/x86.obj
                0x000006f0                x86_outb
                0x000006fb                x86_inb
                0x00000742                MemDetect
 .text          0x000007be       0xcd /Users/mohammad/programming/assembly/bootloader/build/stage2/c/main.obj
                0x000007be                main
 .text          0x0000088b       0xf1 /Users/mohammad/programming/assembly/bootloader/build/stage2/c/memdetect.obj
                0x0000088b                GetMemoryMap
 .text          0x0000097c       0xde /Users/mohammad/programming/assembly/bootloader/build/common/c/memory.obj
                0x0000097c                memcmp
                0x000009e6                memcpy
                0x00000a27                memset
 .text          0x00000a5a      0x2a4 /Users/mohammad/programming/assembly/bootloader/build/common/c/mlfs.obj
                0x00000a5a                FindEntry
                0x00000ae7                Path2Name
                0x00000b40                subdirnum
                0x00000b70                MLFS_init
                0x00000ba1                OpenFile
                0x00000c9a                ReadFile
                0x00000cf1                CloseFile
 .text          0x00000cfe      0x7dc /Users/mohammad/programming/assembly/bootloader/build/common/c/stdio.obj
                0x00000cfe                set_vid_mem
                0x00000d0c                getCurPos
                0x00000d7b                setCurPos
                0x00000e02                cursor2VGA
                0x00000e48                clearScr
                0x00000eb1                putc
                0x00000fd9                puts
                0x00001008                printf_unsigned
                0x000010ac                printf_signed
                0x00001109                print_buffer
                0x000011a2                printf
 .text          0x000014da      0x13c /Users/mohammad/programming/assembly/bootloader/build/common/c/string.obj
                0x000014da                strlen
                0x00001500                strncmp
                0x00001543                strcmp
                0x0000159d                substr
 *fill*         0x00001616        0xa 
 .text          0x00001620      0x11a /Users/mohammad/programming/MAMMD_OS/toolchain/i686-elf/lib/gcc/i686-elf/13.1.0/libgcc.a(_udivdi3.o)
                0x00001620                __udivdi3
 *fill*         0x0000173a        0x6 
 .text          0x00001740      0x136 /Users/mohammad/programming/MAMMD_OS/toolchain/i686-elf/lib/gcc/i686-elf/13.1.0/libgcc.a(_umoddi3.o)
                0x00001740                __umoddi3
 *(.rodata)
 *fill*         0x00001876        0x2 
 .rodata        0x00001878       0xa8 /Users/mohammad/programming/assembly/bootloader/build/stage2/c/main.obj
 .rodata        0x00001920       0x18 /Users/mohammad/programming/assembly/bootloader/build/stage2/c/memdetect.obj
 .rodata        0x00001938       0x42 /Users/mohammad/programming/assembly/bootloader/build/common/c/mlfs.obj
 *fill*         0x0000197a        0x2 
 .rodata        0x0000197c       0xb4 /Users/mohammad/programming/assembly/bootloader/build/common/c/stdio.obj
                0x0000197c                g_HexChars

.data           0x00001a30        0x8
 *(.data)
 .data          0x00001a30        0x4 /Users/mohammad/programming/assembly/bootloader/build/stage2/c/main.obj
                0x00001a30                KernelLoadAddr
 .data          0x00001a34        0x0 /Users/mohammad/programming/assembly/bootloader/build/stage2/c/memdetect.obj
 .data          0x00001a34        0x0 /Users/mohammad/programming/assembly/bootloader/build/common/c/memory.obj
 .data          0x00001a34        0x0 /Users/mohammad/programming/assembly/bootloader/build/common/c/mlfs.obj
 .data          0x00001a34        0x4 /Users/mohammad/programming/assembly/bootloader/build/common/c/stdio.obj
                0x00001a34                vid_mem
 .data          0x00001a38        0x0 /Users/mohammad/programming/assembly/bootloader/build/common/c/string.obj
 .data          0x00001a38        0x0 /Users/mohammad/programming/MAMMD_OS/toolchain/i686-elf/lib/gcc/i686-elf/13.1.0/libgcc.a(_udivdi3.o)
 .data          0x00001a38        0x0 /Users/mohammad/programming/MAMMD_OS/toolchain/i686-elf/lib/gcc/i686-elf/13.1.0/libgcc.a(_umoddi3.o)

.bss            0x00001a40      0x49c
 *(.bss)
 .bss           0x00001a40        0x0 /Users/mohammad/programming/assembly/bootloader/build/stage2/c/main.obj
 .bss           0x00001a40        0x0 /Users/mohammad/programming/assembly/bootloader/build/stage2/c/memdetect.obj
 .bss           0x00001a40        0x0 /Users/mohammad/programming/assembly/bootloader/build/common/c/memory.obj
 .bss           0x00001a40      0x420 /Users/mohammad/programming/assembly/bootloader/build/common/c/mlfs.obj
                0x00001a40                g_entries
                0x00001c40                g_BootHeader
 .bss           0x00001e60        0x0 /Users/mohammad/programming/assembly/bootloader/build/common/c/stdio.obj
 .bss           0x00001e60       0x7c /Users/mohammad/programming/assembly/bootloader/build/common/c/string.obj
                0x00001e60                outStr
 .bss           0x00001edc        0x0 /Users/mohammad/programming/MAMMD_OS/toolchain/i686-elf/lib/gcc/i686-elf/13.1.0/libgcc.a(_udivdi3.o)
 .bss           0x00001edc        0x0 /Users/mohammad/programming/MAMMD_OS/toolchain/i686-elf/lib/gcc/i686-elf/13.1.0/libgcc.a(_umoddi3.o)
OUTPUT(/Users/mohammad/programming/assembly/bootloader/build/stage2.bin binary)

.debug_info     0x00000000     0x17c0
 .debug_info    0x00000000      0x2a6 /Users/mohammad/programming/assembly/bootloader/build/stage2/c/main.obj
 .debug_info    0x000002a6      0x1c6 /Users/mohammad/programming/assembly/bootloader/build/stage2/c/memdetect.obj
 .debug_info    0x0000046c      0x1d7 /Users/mohammad/programming/assembly/bootloader/build/common/c/memory.obj
 .debug_info    0x00000643      0x536 /Users/mohammad/programming/assembly/bootloader/build/common/c/mlfs.obj
 .debug_info    0x00000b79      0x432 /Users/mohammad/programming/assembly/bootloader/build/common/c/stdio.obj
 .debug_info    0x00000fab      0x1a6 /Users/mohammad/programming/assembly/bootloader/build/common/c/string.obj
 .debug_info    0x00001151      0x32c /Users/mohammad/programming/MAMMD_OS/toolchain/i686-elf/lib/gcc/i686-elf/13.1.0/libgcc.a(_udivdi3.o)
 .debug_info    0x0000147d      0x343 /Users/mohammad/programming/MAMMD_OS/toolchain/i686-elf/lib/gcc/i686-elf/13.1.0/libgcc.a(_umoddi3.o)

.debug_abbrev   0x00000000      0xab3
 .debug_abbrev  0x00000000      0x147 /Users/mohammad/programming/assembly/bootloader/build/stage2/c/main.obj
 .debug_abbrev  0x00000147      0x138 /Users/mohammad/programming/assembly/bootloader/build/stage2/c/memdetect.obj
 .debug_abbrev  0x0000027f       0xdd /Users/mohammad/programming/assembly/bootloader/build/common/c/memory.obj
 .debug_abbrev  0x0000035c      0x1f6 /Users/mohammad/programming/assembly/bootloader/build/common/c/mlfs.obj
 .debug_abbrev  0x00000552      0x19d /Users/mohammad/programming/assembly/bootloader/build/common/c/stdio.obj
 .debug_abbrev  0x000006ef       0xf8 /Users/mohammad/programming/assembly/bootloader/build/common/c/string.obj
 .debug_abbrev  0x000007e7      0x15b /Users/mohammad/programming/MAMMD_OS/toolchain/i686-elf/lib/gcc/i686-elf/13.1.0/libgcc.a(_udivdi3.o)
 .debug_abbrev  0x00000942      0x171 /Users/mohammad/programming/MAMMD_OS/toolchain/i686-elf/lib/gcc/i686-elf/13.1.0/libgcc.a(_umoddi3.o)

.debug_aranges  0x00000000      0x100
 .debug_aranges
                0x00000000       0x20 /Users/mohammad/programming/assembly/bootloader/build/stage2/c/main.obj
 .debug_aranges
                0x00000020       0x20 /Users/mohammad/programming/assembly/bootloader/build/stage2/c/memdetect.obj
 .debug_aranges
                0x00000040       0x20 /Users/mohammad/programming/assembly/bootloader/build/common/c/memory.obj
 .debug_aranges
                0x00000060       0x20 /Users/mohammad/programming/assembly/bootloader/build/common/c/mlfs.obj
 .debug_aranges
                0x00000080       0x20 /Users/mohammad/programming/assembly/bootloader/build/common/c/stdio.obj
 .debug_aranges
                0x000000a0       0x20 /Users/mohammad/programming/assembly/bootloader/build/common/c/string.obj
 .debug_aranges
                0x000000c0       0x20 /Users/mohammad/programming/MAMMD_OS/toolchain/i686-elf/lib/gcc/i686-elf/13.1.0/libgcc.a(_udivdi3.o)
 .debug_aranges
                0x000000e0       0x20 /Users/mohammad/programming/MAMMD_OS/toolchain/i686-elf/lib/gcc/i686-elf/13.1.0/libgcc.a(_umoddi3.o)

.debug_line     0x00000000      0xb30
 .debug_line    0x00000000       0x80 /Users/mohammad/programming/assembly/bootloader/build/stage2/c/main.obj
 .debug_line    0x00000080       0xbb /Users/mohammad/programming/assembly/bootloader/build/stage2/c/memdetect.obj
 .debug_line    0x0000013b       0xd4 /Users/mohammad/programming/assembly/bootloader/build/common/c/memory.obj
 .debug_line    0x0000020f      0x1b7 /Users/mohammad/programming/assembly/bootloader/build/common/c/mlfs.obj
 .debug_line    0x000003c6      0x320 /Users/mohammad/programming/assembly/bootloader/build/common/c/stdio.obj
 .debug_line    0x000006e6       0xf9 /Users/mohammad/programming/assembly/bootloader/build/common/c/string.obj
 .debug_line    0x000007df      0x180 /Users/mohammad/programming/MAMMD_OS/toolchain/i686-elf/lib/gcc/i686-elf/13.1.0/libgcc.a(_udivdi3.o)
 .debug_line    0x0000095f      0x1d1 /Users/mohammad/programming/MAMMD_OS/toolchain/i686-elf/lib/gcc/i686-elf/13.1.0/libgcc.a(_umoddi3.o)

.debug_str      0x00000000      0xdb2
 .debug_str     0x00000000      0x1d4 /Users/mohammad/programming/assembly/bootloader/build/stage2/c/main.obj
 .debug_str     0x000001d4      0x16b /Users/mohammad/programming/assembly/bootloader/build/stage2/c/memdetect.obj
 .debug_str     0x0000033f      0x11e /Users/mohammad/programming/assembly/bootloader/build/common/c/memory.obj
 .debug_str     0x0000045d      0x2f7 /Users/mohammad/programming/assembly/bootloader/build/common/c/mlfs.obj
 .debug_str     0x00000754      0x203 /Users/mohammad/programming/assembly/bootloader/build/common/c/stdio.obj
 .debug_str     0x00000957       0x95 /Users/mohammad/programming/assembly/bootloader/build/common/c/string.obj
 .debug_str     0x000009ec      0x1e3 /Users/mohammad/programming/MAMMD_OS/toolchain/i686-elf/lib/gcc/i686-elf/13.1.0/libgcc.a(_udivdi3.o)
 .debug_str     0x00000bcf      0x1e3 /Users/mohammad/programming/MAMMD_OS/toolchain/i686-elf/lib/gcc/i686-elf/13.1.0/libgcc.a(_umoddi3.o)

.debug_line_str
                0x00000000      0x7e9
 .debug_line_str
                0x00000000      0x122 /Users/mohammad/programming/assembly/bootloader/build/stage2/c/main.obj
 .debug_line_str
                0x00000122      0x136 /Users/mohammad/programming/assembly/bootloader/build/stage2/c/memdetect.obj
 .debug_line_str
                0x00000258       0xf6 /Users/mohammad/programming/assembly/bootloader/build/common/c/memory.obj
 .debug_line_str
                0x0000034e      0x118 /Users/mohammad/programming/assembly/bootloader/build/common/c/mlfs.obj
 .debug_line_str
                0x00000466      0x10e /Users/mohammad/programming/assembly/bootloader/build/common/c/stdio.obj
 .debug_line_str
                0x00000574       0x91 /Users/mohammad/programming/assembly/bootloader/build/common/c/string.obj
 .debug_line_str
                0x00000605       0xf2 /Users/mohammad/programming/MAMMD_OS/toolchain/i686-elf/lib/gcc/i686-elf/13.1.0/libgcc.a(_udivdi3.o)
 .debug_line_str
                0x000006f7       0xf2 /Users/mohammad/programming/MAMMD_OS/toolchain/i686-elf/lib/gcc/i686-elf/13.1.0/libgcc.a(_umoddi3.o)

.comment        0x00000000       0x98
 .comment       0x00000000       0x13 /Users/mohammad/programming/assembly/bootloader/build/stage2/c/main.obj
 .comment       0x00000013       0x13 /Users/mohammad/programming/assembly/bootloader/build/stage2/c/memdetect.obj
 .comment       0x00000026       0x13 /Users/mohammad/programming/assembly/bootloader/build/common/c/memory.obj
 .comment       0x00000039       0x13 /Users/mohammad/programming/assembly/bootloader/build/common/c/mlfs.obj
 .comment       0x0000004c       0x13 /Users/mohammad/programming/assembly/bootloader/build/common/c/stdio.obj
 .comment       0x0000005f       0x13 /Users/mohammad/programming/assembly/bootloader/build/common/c/string.obj
 .comment       0x00000072       0x13 /Users/mohammad/programming/MAMMD_OS/toolchain/i686-elf/lib/gcc/i686-elf/13.1.0/libgcc.a(_udivdi3.o)
 .comment       0x00000085       0x13 /Users/mohammad/programming/MAMMD_OS/toolchain/i686-elf/lib/gcc/i686-elf/13.1.0/libgcc.a(_umoddi3.o)

.debug_frame    0x00000000      0x3ec
 .debug_frame   0x00000000       0x34 /Users/mohammad/programming/assembly/bootloader/build/stage2/c/main.obj
 .debug_frame   0x00000034       0x3c /Users/mohammad/programming/assembly/bootloader/build/stage2/c/memdetect.obj
 .debug_frame   0x00000070       0x74 /Users/mohammad/programming/assembly/bootloader/build/common/c/memory.obj
 .debug_frame   0x000000e4       0xf4 /Users/mohammad/programming/assembly/bootloader/build/common/c/mlfs.obj
 .debug_frame   0x000001d8      0x17c /Users/mohammad/programming/assembly/bootloader/build/common/c/stdio.obj
 .debug_frame   0x00000354       0x98 /Users/mohammad/programming/assembly/bootloader/build/common/c/string.obj

.debug_loclists
                0x00000000      0x978
 .debug_loclists
                0x00000000      0x50c /Users/mohammad/programming/MAMMD_OS/toolchain/i686-elf/lib/gcc/i686-elf/13.1.0/libgcc.a(_udivdi3.o)
 .debug_loclists
                0x0000050c      0x46c /Users/mohammad/programming/MAMMD_OS/toolchain/i686-elf/lib/gcc/i686-elf/13.1.0/libgcc.a(_umoddi3.o)

.debug_rnglists
                0x00000000       0x49
 .debug_rnglists
                0x00000000       0x2a /Users/mohammad/programming/MAMMD_OS/toolchain/i686-elf/lib/gcc/i686-elf/13.1.0/libgcc.a(_udivdi3.o)
 .debug_rnglists
                0x0000002a       0x1f /Users/mohammad/programming/MAMMD_OS/toolchain/i686-elf/lib/gcc/i686-elf/13.1.0/libgcc.a(_umoddi3.o)
