Archive member included to satisfy reference by file (symbol)

/Users/mohammad/programming/MAMMD_OS/toolchain/i686-elf/lib/gcc/i686-elf/13.1.0/libgcc.a(_udivdi3.o)
                              ../../../build/util/c/stdio.obj (__udivdi3)
/Users/mohammad/programming/MAMMD_OS/toolchain/i686-elf/lib/gcc/i686-elf/13.1.0/libgcc.a(_umoddi3.o)
                              ../../../build/util/c/stdio.obj (__umoddi3)

Memory Configuration

Name             Origin             Length             Attributes
*default*        0x00000000         0xffffffff

Linker script and memory map

LOAD /Users/mohammad/programming/assembly/bootloader/build/stage2/asm/entry.obj
LOAD /Users/mohammad/programming/assembly/bootloader/build/stage2/c/main.obj
LOAD ../../../build/util/c/stdio.obj
LOAD ../../../build/util/asm/x86.obj
LOAD /Users/mohammad/programming/MAMMD_OS/toolchain/i686-elf/lib/gcc/i686-elf/13.1.0/libgcc.a
                0x00000500                        . = 0x500

.entry          0x00000500       0x86
                0x00000500                        __entry_start = .
 *(.entry)
 .entry         0x00000500       0x86 /Users/mohammad/programming/assembly/bootloader/build/stage2/asm/entry.obj
                0x00000500                entry

.eh_frame       0x00000588       0xd8
 .eh_frame      0x00000588       0x64 /Users/mohammad/programming/MAMMD_OS/toolchain/i686-elf/lib/gcc/i686-elf/13.1.0/libgcc.a(_udivdi3.o)
 .eh_frame      0x000005ec       0x74 /Users/mohammad/programming/MAMMD_OS/toolchain/i686-elf/lib/gcc/i686-elf/13.1.0/libgcc.a(_umoddi3.o)

.text           0x00000660      0xc0c
 *(.text)
 .text          0x00000660       0x6f /Users/mohammad/programming/assembly/bootloader/build/stage2/c/main.obj
                0x00000660                main
 .text          0x000006cf      0x7dc ../../../build/util/c/stdio.obj
                0x000006cf                set_vid_mem
                0x000006dd                getCurPos
                0x0000074c                setCurPos
                0x000007d3                cursor2VGA
                0x00000819                clearScr
                0x00000882                putc
                0x000009aa                puts
                0x000009d9                printf_unsigned
                0x00000a7d                printf_signed
                0x00000ada                print_buffer
                0x00000b73                printf
 *fill*         0x00000eab        0x5 
 .text          0x00000eb0       0x14 ../../../build/util/asm/x86.obj
                0x00000eb0                x86_outb
                0x00000ebb                x86_inb
 *fill*         0x00000ec4        0xc 
 .text          0x00000ed0      0x11a /Users/mohammad/programming/MAMMD_OS/toolchain/i686-elf/lib/gcc/i686-elf/13.1.0/libgcc.a(_udivdi3.o)
                0x00000ed0                __udivdi3
 *fill*         0x00000fea        0x6 
 .text          0x00000ff0      0x136 /Users/mohammad/programming/MAMMD_OS/toolchain/i686-elf/lib/gcc/i686-elf/13.1.0/libgcc.a(_umoddi3.o)
                0x00000ff0                __umoddi3
 *(.rodata)
 *fill*         0x00001126        0x2 
 .rodata        0x00001128       0x8d /Users/mohammad/programming/assembly/bootloader/build/stage2/c/main.obj
 *fill*         0x000011b5        0x3 
 .rodata        0x000011b8       0xb4 ../../../build/util/c/stdio.obj
                0x000011b8                g_HexChars

.data           0x0000126c        0x4
 *(.data)
 .data          0x0000126c        0x0 /Users/mohammad/programming/assembly/bootloader/build/stage2/c/main.obj
 .data          0x0000126c        0x4 ../../../build/util/c/stdio.obj
                0x0000126c                vid_mem
 .data          0x00001270        0x0 /Users/mohammad/programming/MAMMD_OS/toolchain/i686-elf/lib/gcc/i686-elf/13.1.0/libgcc.a(_udivdi3.o)
 .data          0x00001270        0x0 /Users/mohammad/programming/MAMMD_OS/toolchain/i686-elf/lib/gcc/i686-elf/13.1.0/libgcc.a(_umoddi3.o)

.bss            0x00001270        0x0
 *(.bss)
 .bss           0x00001270        0x0 /Users/mohammad/programming/assembly/bootloader/build/stage2/c/main.obj
 .bss           0x00001270        0x0 ../../../build/util/c/stdio.obj
 .bss           0x00001270        0x0 /Users/mohammad/programming/MAMMD_OS/toolchain/i686-elf/lib/gcc/i686-elf/13.1.0/libgcc.a(_udivdi3.o)
 .bss           0x00001270        0x0 /Users/mohammad/programming/MAMMD_OS/toolchain/i686-elf/lib/gcc/i686-elf/13.1.0/libgcc.a(_umoddi3.o)
OUTPUT(/Users/mohammad/programming/assembly/bootloader/build/stage2.bin binary)

.debug_info     0x00000000      0xb4e
 .debug_info    0x00000000       0xb2 /Users/mohammad/programming/assembly/bootloader/build/stage2/c/main.obj
 .debug_info    0x000000b2      0x42d ../../../build/util/c/stdio.obj
 .debug_info    0x000004df      0x32c /Users/mohammad/programming/MAMMD_OS/toolchain/i686-elf/lib/gcc/i686-elf/13.1.0/libgcc.a(_udivdi3.o)
 .debug_info    0x0000080b      0x343 /Users/mohammad/programming/MAMMD_OS/toolchain/i686-elf/lib/gcc/i686-elf/13.1.0/libgcc.a(_umoddi3.o)

.debug_abbrev   0x00000000      0x4ee
 .debug_abbrev  0x00000000       0x85 /Users/mohammad/programming/assembly/bootloader/build/stage2/c/main.obj
 .debug_abbrev  0x00000085      0x19d ../../../build/util/c/stdio.obj
 .debug_abbrev  0x00000222      0x15b /Users/mohammad/programming/MAMMD_OS/toolchain/i686-elf/lib/gcc/i686-elf/13.1.0/libgcc.a(_udivdi3.o)
 .debug_abbrev  0x0000037d      0x171 /Users/mohammad/programming/MAMMD_OS/toolchain/i686-elf/lib/gcc/i686-elf/13.1.0/libgcc.a(_umoddi3.o)

.debug_aranges  0x00000000       0x80
 .debug_aranges
                0x00000000       0x20 /Users/mohammad/programming/assembly/bootloader/build/stage2/c/main.obj
 .debug_aranges
                0x00000020       0x20 ../../../build/util/c/stdio.obj
 .debug_aranges
                0x00000040       0x20 /Users/mohammad/programming/MAMMD_OS/toolchain/i686-elf/lib/gcc/i686-elf/13.1.0/libgcc.a(_udivdi3.o)
 .debug_aranges
                0x00000060       0x20 /Users/mohammad/programming/MAMMD_OS/toolchain/i686-elf/lib/gcc/i686-elf/13.1.0/libgcc.a(_umoddi3.o)

.debug_line     0x00000000      0x6c2
 .debug_line    0x00000000       0x5a /Users/mohammad/programming/assembly/bootloader/build/stage2/c/main.obj
 .debug_line    0x0000005a      0x317 ../../../build/util/c/stdio.obj
 .debug_line    0x00000371      0x180 /Users/mohammad/programming/MAMMD_OS/toolchain/i686-elf/lib/gcc/i686-elf/13.1.0/libgcc.a(_udivdi3.o)
 .debug_line    0x000004f1      0x1d1 /Users/mohammad/programming/MAMMD_OS/toolchain/i686-elf/lib/gcc/i686-elf/13.1.0/libgcc.a(_umoddi3.o)

.debug_str      0x00000000      0x6b3
 .debug_str     0x00000000       0xe9 /Users/mohammad/programming/assembly/bootloader/build/stage2/c/main.obj
 .debug_str     0x000000e9      0x204 ../../../build/util/c/stdio.obj
 .debug_str     0x000002ed      0x1e3 /Users/mohammad/programming/MAMMD_OS/toolchain/i686-elf/lib/gcc/i686-elf/13.1.0/libgcc.a(_udivdi3.o)
 .debug_str     0x000004d0      0x1e3 /Users/mohammad/programming/MAMMD_OS/toolchain/i686-elf/lib/gcc/i686-elf/13.1.0/libgcc.a(_umoddi3.o)

.debug_line_str
                0x00000000      0x396
 .debug_line_str
                0x00000000       0xb4 /Users/mohammad/programming/assembly/bootloader/build/stage2/c/main.obj
 .debug_line_str
                0x000000b4       0xfe ../../../build/util/c/stdio.obj
 .debug_line_str
                0x000001b2       0xf2 /Users/mohammad/programming/MAMMD_OS/toolchain/i686-elf/lib/gcc/i686-elf/13.1.0/libgcc.a(_udivdi3.o)
 .debug_line_str
                0x000002a4       0xf2 /Users/mohammad/programming/MAMMD_OS/toolchain/i686-elf/lib/gcc/i686-elf/13.1.0/libgcc.a(_umoddi3.o)

.comment        0x00000000       0x4c
 .comment       0x00000000       0x13 /Users/mohammad/programming/assembly/bootloader/build/stage2/c/main.obj
 .comment       0x00000013       0x13 ../../../build/util/c/stdio.obj
 .comment       0x00000026       0x13 /Users/mohammad/programming/MAMMD_OS/toolchain/i686-elf/lib/gcc/i686-elf/13.1.0/libgcc.a(_udivdi3.o)
 .comment       0x00000039       0x13 /Users/mohammad/programming/MAMMD_OS/toolchain/i686-elf/lib/gcc/i686-elf/13.1.0/libgcc.a(_umoddi3.o)

.debug_frame    0x00000000      0x1bc
 .debug_frame   0x00000000       0x40 /Users/mohammad/programming/assembly/bootloader/build/stage2/c/main.obj
 .debug_frame   0x00000040      0x17c ../../../build/util/c/stdio.obj

.debug_loclists
                0x00000000      0x978
 .debug_loclists
                0x00000000      0x50c /Users/mohammad/programming/MAMMD_OS/toolchain/i686-elf/lib/gcc/i686-elf/13.1.0/libgcc.a(_udivdi3.o)
 .debug_loclists
                0x0000050c      0x46c /Users/mohammad/programming/MAMMD_OS/toolchain/i686-elf/lib/gcc/i686-elf/13.1.0/libgcc.a(_umoddi3.o)

.debug_rnglists
                0x00000000       0x49
 .debug_rnglists
                0x00000000       0x2a /Users/mohammad/programming/MAMMD_OS/toolchain/i686-elf/lib/gcc/i686-elf/13.1.0/libgcc.a(_udivdi3.o)
 .debug_rnglists
                0x0000002a       0x1f /Users/mohammad/programming/MAMMD_OS/toolchain/i686-elf/lib/gcc/i686-elf/13.1.0/libgcc.a(_umoddi3.o)
